<html>
<body>
<pre>
<h1>µVision Build Log</h1>
<h2>Tool Versions:</h2>
IDE-Version: µVision V5.16a
Copyright (C) 2015 ARM Ltd and ARM Germany GmbH. All rights reserved.
License Information: Jake Swensen, 3M, LIC=----
 
Tool Versions:
Toolchain:       MDK-Lite  Version: 5.16a
Toolchain Path:  C:\Keil_v5\ARM\ARMCC\Bin
C Compiler:      Armcc.exe V5.06 (build 20)
Assembler:       Armasm.exe V5.06 (build 20)
Linker/Locator:  ArmLink.exe V5.06 (build 20)
Library Manager: ArmAr.exe V5.06 (build 20)
Hex Converter:   FromElf.exe V5.06 (build 20)
CPU DLL:         SARMCM3.DLL V5.16a
Dialog DLL:      DARMCM1.DLL V1.12.0.0
Target DLL:      UL2CM3.DLL V1.155.12.0
Dialog DLL:      TARMCM1.DLL V1.9.0.0
 
<h2>Project:</h2>
C:\Users\Jake\Documents\GitHub\nixie-clock\mdk-arm\nixie.uvprojx
Project File Date:  10/22/2015

<h2>Output:</h2>
*** Using Compiler 'V5.06 (build 20)', folder: 'C:\Keil_v5\ARM\ARMCC\Bin'
Build target 'nixie-clock'
assembling startup_stm32f051x8.s...
compiling stm32f0xx_it.c...
compiling button.c...
compiling nixie.c...
compiling data_structures.c...
compiling shift_reg.c...
compiling system_stm32f0xx.c...
compiling stm32f0xx_hal.c...
compiling stm32f0xx_hal_adc_ex.c...
compiling stm32f0xx_hal_adc.c...
compiling stm32f0xx_hal_flash_ex.c...
compiling stm32f0xx_hal_cortex.c...
compiling stm32f0xx_hal_flash.c...
compiling stm32f0xx_hal_dma.c...
compiling stm32f0xx_hal_gpio.c...
compiling stm32f0xx_hal_pwr.c...
compiling stm32f0xx_hal_pwr_ex.c...
compiling stm32f0xx_hal_spi_ex.c...
compiling stm32f0xx_hal_spi.c...
compiling stm32f0xx_hal_rtc_ex.c...
compiling stm32f0xx_hal_rtc.c...
compiling stm32f0xx_hal_rcc.c...
compiling stm32f0xx_hal_uart.c...
compiling stm32f0xx_hal_tsc.c...
compiling stm32f0xx_hal_uart_ex.c...
compiling stm32f0xx_hal_tim_ex.c...
compiling stm32f0xx_hal_wwdg.c...
compiling stm32f0xx_hal_usart.c...
compiling stm32f0xx_hal_tim.c...
linking...
Program Size: Code=272 RO-data=220 RW-data=4 ZI-data=1028  
".\Objects\nixie.axf" - 0 Error(s), 0 Warning(s).

<h2>Software Packages used:</h2>

Package Vendor: ARM
                http://www.keil.com/pack/ARM.CMSIS.4.4.0.pack
                ARM::CMSIS:CORE:4.2.0
                CMSIS (Cortex Microcontroller Software Interface Standard)
   * Component: CORE Version: 4.2.0

<h2>Collection of Component include folders:</h2>
  C:\Users\Jake\Documents\GitHub\nixie-clock\mdk-arm\RTE
  C:\Keil_v5\ARM\PACK\ARM\CMSIS\4.4.0\CMSIS\Include
  C:\Keil_v5\ARM\PACK\Keil\STM32F0xx_DFP\1.4.0\Device\Include

<h2>Collection of Component Files used:</h2>

   * Component: ARM::CMSIS:CORE:4.2.0
Build Time Elapsed:  00:00:02
</pre>
</body>
</html>
